2017-03-23 23:28:53,498 [nioEventLoopGroup-3-1] ERROR (com.cssweb.network.NettyServerHandler:47) - exceptionCaught
java.io.IOException: 远程主机强迫关闭了一个现有的连接。
	at sun.nio.ch.SocketDispatcher.read0(Native Method) ~[?:1.8.0_66]
	at sun.nio.ch.SocketDispatcher.read(SocketDispatcher.java:43) ~[?:1.8.0_66]
	at sun.nio.ch.IOUtil.readIntoNativeBuffer(IOUtil.java:223) ~[?:1.8.0_66]
	at sun.nio.ch.IOUtil.read(IOUtil.java:192) ~[?:1.8.0_66]
	at sun.nio.ch.SocketChannelImpl.read(SocketChannelImpl.java:380) ~[?:1.8.0_66]
	at io.netty.buffer.PooledUnsafeDirectByteBuf.setBytes(PooledUnsafeDirectByteBuf.java:288) ~[netty-all-4.1.9.Final.jar:4.1.9.Final]
	at io.netty.buffer.AbstractByteBuf.writeBytes(AbstractByteBuf.java:1100) ~[netty-all-4.1.9.Final.jar:4.1.9.Final]
	at io.netty.channel.socket.nio.NioSocketChannel.doReadBytes(NioSocketChannel.java:372) ~[netty-all-4.1.9.Final.jar:4.1.9.Final]
	at io.netty.channel.nio.AbstractNioByteChannel$NioByteUnsafe.read(AbstractNioByteChannel.java:123) [netty-all-4.1.9.Final.jar:4.1.9.Final]
	at io.netty.channel.nio.NioEventLoop.processSelectedKey(NioEventLoop.java:624) [netty-all-4.1.9.Final.jar:4.1.9.Final]
	at io.netty.channel.nio.NioEventLoop.processSelectedKeysOptimized(NioEventLoop.java:559) [netty-all-4.1.9.Final.jar:4.1.9.Final]
	at io.netty.channel.nio.NioEventLoop.processSelectedKeys(NioEventLoop.java:476) [netty-all-4.1.9.Final.jar:4.1.9.Final]
	at io.netty.channel.nio.NioEventLoop.run(NioEventLoop.java:438) [netty-all-4.1.9.Final.jar:4.1.9.Final]
	at io.netty.util.concurrent.SingleThreadEventExecutor$5.run(SingleThreadEventExecutor.java:858) [netty-all-4.1.9.Final.jar:4.1.9.Final]
	at io.netty.util.concurrent.DefaultThreadFactory$DefaultRunnableDecorator.run(DefaultThreadFactory.java:144) [netty-all-4.1.9.Final.jar:4.1.9.Final]
	at java.lang.Thread.run(Thread.java:745) [?:1.8.0_66]
